2024-04-11 17:55:47,793:DEBUG:Add: 20 + 10 = 30
2024-04-11 17:55:47,794:DEBUG:Sub: 20 - 10 = 10
2024-04-11 17:55:47,794:DEBUG:Mul: 20 * 10 = 200
2024-04-11 17:55:47,802:DEBUG:Div: 20 / 10 = 2.0
2024-04-11 17:59:12,656:DEBUG:Add: 20 + 10 = 30:42
2024-04-11 17:59:12,657:DEBUG:Sub: 20 - 10 = 10:45
2024-04-11 17:59:12,657:DEBUG:Mul: 20 * 10 = 200:48
2024-04-11 17:59:12,658:DEBUG:Div: 20 / 10 = 2.0:51
2024-04-11 18:23:31,444:DEBUG:Add: 20 + 10 = 30:55
2024-04-11 18:23:31,445:DEBUG:Sub: 20 - 10 = 10:58
2024-04-11 18:23:31,446:DEBUG:Mul: 20 * 10 = 200:61
2024-04-11 18:23:31,446:DEBUG:Div: 20 / 10 = 2.0:64
2024-04-11 18:24:15,182:INFO:Add: 20 + 10 = 30:55
2024-04-11 18:24:15,183:DEBUG:Sub: 20 - 10 = 10:58
2024-04-11 18:24:15,183:DEBUG:Mul: 20 * 10 = 200:61
2024-04-11 18:24:15,184:DEBUG:Div: 20 / 10 = 2.0:64
2024-04-11 18:40:41,125:INFO:Add: 20 + 10 = 30:72
2024-04-11 18:40:41,126:INFO:Sub: 20 - 10 = 10:75
2024-04-11 18:40:41,127:INFO:Mul: 20 * 10 = 200:78
2024-04-11 18:40:41,128:INFO:Div: 20 / 10 = 2.0:81
2024-04-11 18:57:01,799:INFO:Add: 20 + 10 = 30:77
2024-04-11 18:57:01,813:INFO:Sub: 20 - 10 = 10:80
2024-04-11 18:57:01,814:INFO:Mul: 20 * 10 = 200:83
2024-04-11 18:57:01,814:INFO:Div: 20 / 10 = 2.0:86
2024-04-11 18:58:46,552:INFO:Add: 20 + 10 = 30:80
2024-04-11 18:58:46,554:INFO:Sub: 20 - 10 = 10:83
2024-04-11 18:58:46,560:INFO:Mul: 20 * 10 = 200:86
2024-04-11 18:58:46,561:INFO:Div: 20 / 10 = 2.0:89
